[1/5] Generating genuine controlled-injection dataset ...
      dataset: X=(195, 12), classes=13
      train=146, test=49
/mnt/c/Users/oscar/Desktop/TFM/qnim/scripts/train_vqc_genuine.py:202: DeprecationWarning: The class ``qiskit.circuit.library.data_preparation._zz_feature_map.ZZFeatureMap`` is deprecated as of Qiskit 2.1. It will be removed in Qiskit 3.0. Use the zz_feature_map function as a replacement. Note that this will no longer return a BlueprintCircuit, but just a plain QuantumCircuit.
  fmap = ZZFeatureMap(feature_dimension=n_qubits, reps=2, entanglement="linear")
/mnt/c/Users/oscar/Desktop/TFM/qnim/scripts/train_vqc_genuine.py:203: DeprecationWarning: The class ``qiskit.circuit.library.n_local.efficient_su2.EfficientSU2`` is deprecated as of Qiskit 2.1. It will be removed in Qiskit 3.0. Use the function qiskit.circuit.library.efficient_su2 instead.
  ansatz = EfficientSU2(num_qubits=n_qubits, reps=1, entanglement="linear")
[2/5] VQC: 12 qubits, ansatz params=48 (feature-map params=12)
[3/5] Precomputing data-encoded statevectors ...
      encoded 195 states in 1.1s (5.5 ms/state)
[4/5] Training with QNSPSA-EML-Feynman ...
      iter=  2  loss=3.2595  3.9s/iter  evals=83
      iter=  4  loss=3.2595  3.5s/iter  evals=165
      iter=  6  loss=3.0896  3.4s/iter  evals=247
      iter=  8  loss=3.0896  5.2s/iter  evals=329
      iter= 10  loss=3.0896  3.4s/iter  evals=411
      iter= 12  loss=3.0291  3.4s/iter  evals=493
      iter= 14  loss=3.0291  3.4s/iter  evals=575
      iter= 16  loss=3.0291  3.4s/iter  evals=657
      iter= 18  loss=3.0291  5.1s/iter  evals=739
      iter= 20  loss=3.0291  3.4s/iter  evals=821
      iter= 22  loss=3.0291  3.4s/iter  evals=903
      iter= 24  loss=3.0291  3.5s/iter  evals=985
[5/5] Evaluating genuine held-out accuracy ...

=== GENUINE RESULTS ===
  test accuracy      : 2.04%
  balanced accuracy  : 2.56%
  macro F1           : 0.0140
  chance (1/13)       : 7.69%
  optimizer n_iter   : 25
  speedup vs SPSA    : 12.0x
  wall time          : 147.3s

[OK] results -> /mnt/c/Users/oscar/Desktop/TFM/qnim/qnim/reports/genuine_vqc_results.json
