[1/5] Generating genuine controlled-injection dataset ...
      dataset: X=(195, 12), classes=13
      train=146, test=49
/mnt/c/Users/oscar/Desktop/TFM/qnim/scripts/train_vqc_genuine.py:202: DeprecationWarning: The class ``qiskit.circuit.library.data_preparation._zz_feature_map.ZZFeatureMap`` is deprecated as of Qiskit 2.1. It will be removed in Qiskit 3.0. Use the zz_feature_map function as a replacement. Note that this will no longer return a BlueprintCircuit, but just a plain QuantumCircuit.
  fmap = ZZFeatureMap(feature_dimension=n_qubits, reps=2, entanglement="linear")
/mnt/c/Users/oscar/Desktop/TFM/qnim/scripts/train_vqc_genuine.py:203: DeprecationWarning: The class ``qiskit.circuit.library.n_local.efficient_su2.EfficientSU2`` is deprecated as of Qiskit 2.1. It will be removed in Qiskit 3.0. Use the function qiskit.circuit.library.efficient_su2 instead.
  ansatz = EfficientSU2(num_qubits=n_qubits, reps=ansatz_reps, entanglement="linear")
[2/5] VQC: 12 qubits, ansatz params=96 (feature-map params=12)
[3/5] Precomputing data-encoded statevectors ...
      encoded 195 states in 2.2s (11.2 ms/state)
[4/5] Training with QNSPSA-EML-Feynman ...
      iter= 10  loss=2.7506  3.6s/iter  evals=20
      iter= 20  loss=2.6473  3.4s/iter  evals=40
      iter= 30  loss=2.6064  3.0s/iter  evals=60
      iter= 40  loss=2.5605  3.2s/iter  evals=80
      iter= 50  loss=2.5369  3.0s/iter  evals=100
      iter= 60  loss=2.5325  3.1s/iter  evals=120
      iter= 70  loss=2.5117  3.1s/iter  evals=140
      iter= 80  loss=2.5213  3.1s/iter  evals=160
      iter= 90  loss=2.5154  3.5s/iter  evals=180
      iter=100  loss=2.5307  3.5s/iter  evals=200
      iter=110  loss=2.4996  3.6s/iter  evals=220
      iter=120  loss=2.4983  3.6s/iter  evals=240
[5/5] Evaluating genuine held-out accuracy ...

=== GENUINE RESULTS ===
  test accuracy      : 8.16%
  balanced accuracy  : 7.69%
  macro F1           : 0.0328
  chance (1/13)       : 7.69%
  optimizer n_iter   : 120
  speedup vs SPSA    : 1.0x
  wall time          : 504.1s

[OK] results -> /mnt/c/Users/oscar/Desktop/TFM/qnim/qnim/reports/genuine_vqc_results.json
