nohup: ignoring input
Generando 54600 train + 7800 val eventos
Aproximante: IMRPhenomPv2
Chunk size:  100 eventos
  Generando clase 0: GR
PyCBC.libutils: pkg-config call failed, setting NO_PKGCONFIG=1
    4800 eventos en 165s  ETA: 33min
  Generando clase 1: standard-siren
    4800 eventos en 364s  ETA: 33min
  Generando clase 2: qnm-21
    4800 eventos en 516s  ETA: 29min
  Generando clase 3: qnm-33
    4800 eventos en 709s  ETA: 27min
  Generando clase 4: pn-deformation
    4800 eventos en 867s  ETA: 23min
  Generando clase 5: extra-dimensions
    4800 eventos en 1097s  ETA: 21min
  Generando clase 6: scalar-tensor
    4800 eventos en 1248s  ETA: 18min
  Generando clase 7: graviton-mass
    4800 eventos en 1467s  ETA: 15min
  Generando clase 8: chern-simons
    4800 eventos en 1692s  ETA: 13min
  Generando clase 9: liv-alpha2
    4800 eventos en 1868s  ETA: 9min
  Generando clase 10: liv-alpha4
    4800 eventos en 2058s  ETA: 6min
  Generando clase 11: loop-quantum-gravity
    4800 eventos en 2216s  ETA: 3min
  Generando clase 12: gup
    4800 eventos en 2395s  ETA: 0min

Proyectando con PCA...

✅ Dataset guardado en data/dataset_full/
   X_train: (54600, 12)  y_train: (54600,)
   X_val:   (7800, 12)    y_val:   (7800,)
   Varianza explicada PCA: 99.7%
   Tiempo total: 0.7h
