qiskit_runtime_service._discover_account:WARNING:2026-06-30 16:17:39,678: Loading account with the given token. A saved account will not be used.
qiskit_runtime_service.__init__:WARNING:2026-06-30 16:17:57,267: Instance was not set at service instantiation. Free and trial plan instances will be prioritized. Based on the following filters: (tags: None, region: us-east, eu-de), and available plans: (open), the available account instances are: open-instance. If you need a specific instance set it explicitly either by using a saved account with a saved default instance or passing it in directly to QiskitRuntimeService().
qiskit_runtime_service.backends:WARNING:2026-06-30 16:17:57,267: Using instance: open-instance, plan: open
Pass: ContainsInstruction - 0.01526 (ms)
Pass: UnitarySynthesis - 0.00739 (ms)
Pass: HighLevelSynthesis - 0.11039 (ms)
Pass: BasisTranslator - 5.26977 (ms)
Pass: InverseCancellation - 17.94076 (ms)
Pass: ContractIdleWiresInControlFlow - 0.00930 (ms)
Pass: SetLayout - 0.00644 (ms)
Pass: TrivialLayout - 0.08631 (ms)
Pass: CheckMap - 0.10729 (ms)
Pass: VF2Layout - 16.42179 (ms)
Pass: FullAncillaAllocation - 0.16785 (ms)
Pass: EnlargeWithAncilla - 0.05746 (ms)
Pass: ApplyLayout - 0.27704 (ms)
Pass: CheckMap - 0.07296 (ms)
Pass: FilterOpNodes - 0.04101 (ms)
Pass: UnitarySynthesis - 0.00644 (ms)
Pass: HighLevelSynthesis - 0.02384 (ms)
Pass: BasisTranslator - 7.69043 (ms)
Pass: Size - 0.00668 (ms)
Pass: Depth - 0.05293 (ms)
Pass: FixedPoint - 0.00858 (ms)
Pass: FixedPoint - 0.00262 (ms)
Pass: Optimize1qGatesDecomposition - 0.23913 (ms)
Pass: InverseCancellation - 0.04053 (ms)
Pass: ContractIdleWiresInControlFlow - 0.00191 (ms)
Pass: GatesInBasis - 0.02670 (ms)
Pass: Size - 0.00215 (ms)
Pass: Depth - 0.03743 (ms)
Pass: FixedPoint - 0.00381 (ms)
Pass: FixedPoint - 0.00286 (ms)
Pass: Optimize1qGatesDecomposition - 0.09656 (ms)
Pass: InverseCancellation - 0.02956 (ms)
Pass: ContractIdleWiresInControlFlow - 0.00119 (ms)
Pass: GatesInBasis - 0.01955 (ms)
Pass: Size - 0.00095 (ms)
Pass: Depth - 0.03362 (ms)
Pass: FixedPoint - 0.00262 (ms)
Pass: FixedPoint - 0.00215 (ms)
Pass: ContainsInstruction - 0.00501 (ms)
Pass: InstructionDurationCheck - 0.00787 (ms)
Total Transpile Time - 1750.70143 (ms)
base_primitive._run:INFO:2026-06-30 16:17:59,553: Submitting job using options {'options': {}, 'version': 2, 'support_qiskit': True}
runtime.program_run:INFO:2026-06-30 16:18:00,790: Posting the API request.
runtime.program_run:INFO:2026-06-30 16:18:01,555: Payload size: 0 MB.
actual (rphi=2, circular):
  Job ID: d91t06fccmks73d5qh4g
  Profundidad: 188  Puertas 2Q: 56  Fidelidad est.: 0.808
  P(0) media: 0.522 +/- 0.078  (azar=0.5)

Pass: ContainsInstruction - 0.00906 (ms)
Pass: UnitarySynthesis - 0.00763 (ms)
Pass: HighLevelSynthesis - 0.10920 (ms)
Pass: BasisTranslator - 0.25296 (ms)
Pass: InverseCancellation - 0.02837 (ms)
Pass: ContractIdleWiresInControlFlow - 0.00167 (ms)
Pass: SetLayout - 0.00215 (ms)
Pass: TrivialLayout - 0.04148 (ms)
Pass: CheckMap - 0.16427 (ms)
Pass: FullAncillaAllocation - 0.22840 (ms)
Pass: EnlargeWithAncilla - 0.13828 (ms)
Pass: ApplyLayout - 0.30136 (ms)
Pass: CheckMap - 0.04888 (ms)
Pass: FilterOpNodes - 0.02742 (ms)
Pass: UnitarySynthesis - 0.00405 (ms)
Pass: HighLevelSynthesis - 0.01574 (ms)
Pass: BasisTranslator - 0.82850 (ms)
Pass: Size - 0.00358 (ms)
Pass: Depth - 0.03862 (ms)
Pass: FixedPoint - 0.00572 (ms)
Pass: FixedPoint - 0.00167 (ms)
Pass: Optimize1qGatesDecomposition - 0.27180 (ms)
Pass: InverseCancellation - 0.02503 (ms)
Pass: ContractIdleWiresInControlFlow - 0.00167 (ms)
Pass: GatesInBasis - 0.04148 (ms)
Pass: Size - 0.00238 (ms)
Pass: Depth - 0.02384 (ms)
Pass: FixedPoint - 0.00334 (ms)
Pass: FixedPoint - 0.00191 (ms)
Pass: Optimize1qGatesDecomposition - 0.07153 (ms)
Pass: InverseCancellation - 0.01979 (ms)
Pass: ContractIdleWiresInControlFlow - 0.00095 (ms)
Pass: GatesInBasis - 0.01216 (ms)
Pass: Size - 0.00119 (ms)
Pass: Depth - 0.01979 (ms)
Pass: FixedPoint - 0.00191 (ms)
Pass: FixedPoint - 0.00143 (ms)
Pass: ContainsInstruction - 0.00310 (ms)
Pass: InstructionDurationCheck - 0.00334 (ms)
Total Transpile Time - 10.66399 (ms)
base_primitive._run:INFO:2026-07-01 02:09:24,656: Submitting job using options {'options': {}, 'version': 2, 'support_qiskit': True}
runtime.program_run:INFO:2026-07-01 02:09:25,452: Posting the API request.
runtime.program_run:INFO:2026-07-01 02:09:25,751: Payload size: 0 MB.
reducido (rphi=1, linear):
  Job ID: d925ldb57qjs73b7eg5g
  Profundidad: 127  Puertas 2Q: 33  Fidelidad est.: 0.882
  P(0) media: 0.514 +/- 0.083  (azar=0.5)

Pass: ContainsInstruction - 0.00763 (ms)
Pass: UnitarySynthesis - 0.00572 (ms)
Pass: HighLevelSynthesis - 0.00453 (ms)
Pass: BasisTranslator - 0.05913 (ms)
Pass: InverseCancellation - 0.01836 (ms)
Pass: ContractIdleWiresInControlFlow - 0.00167 (ms)
Pass: SetLayout - 0.00167 (ms)
Pass: TrivialLayout - 0.03195 (ms)
Pass: CheckMap - 0.04482 (ms)
Pass: FullAncillaAllocation - 0.11992 (ms)
Pass: EnlargeWithAncilla - 0.04673 (ms)
Pass: ApplyLayout - 0.21219 (ms)
Pass: CheckMap - 0.03743 (ms)
Pass: FilterOpNodes - 0.01645 (ms)
Pass: UnitarySynthesis - 0.00262 (ms)
Pass: HighLevelSynthesis - 0.00882 (ms)
Pass: BasisTranslator - 0.36430 (ms)
Pass: Size - 0.00310 (ms)
Pass: Depth - 0.02074 (ms)
Pass: FixedPoint - 0.00477 (ms)
Pass: FixedPoint - 0.00167 (ms)
Pass: Optimize1qGatesDecomposition - 0.06604 (ms)
Pass: InverseCancellation - 0.01740 (ms)
Pass: ContractIdleWiresInControlFlow - 0.00143 (ms)
Pass: GatesInBasis - 0.01001 (ms)
Pass: Size - 0.00119 (ms)
Pass: Depth - 0.01621 (ms)
Pass: FixedPoint - 0.00238 (ms)
Pass: FixedPoint - 0.00167 (ms)
Pass: Optimize1qGatesDecomposition - 0.03457 (ms)
Pass: InverseCancellation - 0.01693 (ms)
Pass: ContractIdleWiresInControlFlow - 0.00048 (ms)
Pass: GatesInBasis - 0.00715 (ms)
Pass: Size - 0.00072 (ms)
Pass: Depth - 0.01502 (ms)
Pass: FixedPoint - 0.00191 (ms)
Pass: FixedPoint - 0.00143 (ms)
Pass: ContainsInstruction - 0.00310 (ms)
Pass: InstructionDurationCheck - 0.00215 (ms)
Total Transpile Time - 5.68771 (ms)
base_primitive._run:INFO:2026-07-01 02:09:39,807: Submitting job using options {'options': {}, 'version': 2, 'support_qiskit': True}
runtime.program_run:INFO:2026-07-01 02:09:41,094: Posting the API request.
runtime.program_run:INFO:2026-07-01 02:09:41,392: Payload size: 0 MB.
minimo (rphi=1, linear, sin ansatz):
  Job ID: d925lheu9n7c73anqf0g
  Profundidad: 116  Puertas 2Q: 22  Fidelidad est.: 0.920
  P(0) media: 0.518 +/- 0.032  (azar=0.5)

