qiskit_runtime_service._discover_account:WARNING:2026-06-29 13:26:00,956: Loading account with the given token. A saved account will not be used.
qiskit_runtime_service.__init__:WARNING:2026-06-29 13:26:16,843: Instance was not set at service instantiation. Free and trial plan instances will be prioritized. Based on the following filters: (tags: None, region: us-east, eu-de), and available plans: (open), the available account instances are: open-instance. If you need a specific instance set it explicitly either by using a saved account with a saved default instance or passing it in directly to QiskitRuntimeService().
qiskit_runtime_service.backends:WARNING:2026-06-29 13:26:16,844: Using instance: open-instance, plan: open
Pass: ContainsInstruction - 0.01621 (ms)
Pass: UnitarySynthesis - 0.01049 (ms)
Pass: HighLevelSynthesis - 0.01836 (ms)
Pass: BasisTranslator - 0.49448 (ms)
Pass: SetLayout - 0.00834 (ms)
Pass: TrivialLayout - 0.31042 (ms)
Pass: FullAncillaAllocation - 0.56934 (ms)
Pass: EnlargeWithAncilla - 0.25558 (ms)
Pass: ApplyLayout - 1.10817 (ms)
Pass: CheckMap - 0.26393 (ms)
Pass: FilterOpNodes - 0.10943 (ms)
Pass: UnitarySynthesis - 0.00954 (ms)
Pass: HighLevelSynthesis - 0.13781 (ms)
Pass: BasisTranslator - 1.08004 (ms)
Pass: ContainsInstruction - 0.01240 (ms)
Pass: InstructionDurationCheck - 0.00858 (ms)
Total Transpile Time - 1756.90484 (ms)
base_primitive._run:INFO:2026-06-29 13:26:19,123: Submitting job using options {'options': {}, 'version': 2, 'support_qiskit': True}
runtime.program_run:INFO:2026-06-29 13:26:20,614: Posting the API request.
runtime.program_run:INFO:2026-06-29 13:26:20,915: Payload size: 0 MB.
Job TEST 1 (trivial |0>): d915cneu9n7c73am155g
TEST 1 — P(todos_0): 0.907  (ideal=1.000)
TEST 1 — P(0) por qubit: [0.998 0.979 0.998 0.987 0.988 0.998 0.997 0.997 0.999 0.97  1.    0.995]
TEST 1 — P(0) media: 0.992 ± 0.009
Pass: ContainsInstruction - 0.01526 (ms)
Pass: UnitarySynthesis - 0.01073 (ms)
Pass: HighLevelSynthesis - 0.24676 (ms)
Pass: BasisTranslator - 0.11969 (ms)
Pass: InverseCancellation - 0.06461 (ms)
Pass: ContractIdleWiresInControlFlow - 0.00381 (ms)
Pass: SetLayout - 0.00429 (ms)
Pass: TrivialLayout - 0.09418 (ms)
Pass: CheckMap - 0.12374 (ms)
Pass: VF2Layout - 1.08314 (ms)
Pass: FullAncillaAllocation - 0.27347 (ms)
Pass: EnlargeWithAncilla - 0.10943 (ms)
Pass: ApplyLayout - 0.49806 (ms)
Pass: CheckMap - 0.10395 (ms)
Pass: FilterOpNodes - 0.07248 (ms)
Pass: UnitarySynthesis - 0.00858 (ms)
Pass: HighLevelSynthesis - 0.03481 (ms)
Pass: BasisTranslator - 1.39832 (ms)
Pass: Size - 0.00787 (ms)
Pass: Depth - 6.90293 (ms)
Pass: FixedPoint - 0.01407 (ms)
Pass: FixedPoint - 0.00453 (ms)
Pass: Optimize1qGatesDecomposition - 2.11215 (ms)
Pass: InverseCancellation - 0.10991 (ms)
Pass: ContractIdleWiresInControlFlow - 0.00548 (ms)
Pass: GatesInBasis - 0.08845 (ms)
Pass: Size - 0.00834 (ms)
Pass: Depth - 0.09918 (ms)
Pass: FixedPoint - 0.01097 (ms)
Pass: FixedPoint - 0.00501 (ms)
Pass: Optimize1qGatesDecomposition - 0.27490 (ms)
Pass: InverseCancellation - 0.07677 (ms)
Pass: ContractIdleWiresInControlFlow - 0.00310 (ms)
Pass: GatesInBasis - 0.06866 (ms)
Pass: Size - 0.00572 (ms)
Pass: Depth - 0.08893 (ms)
Pass: FixedPoint - 0.00882 (ms)
Pass: FixedPoint - 0.00429 (ms)
Pass: ContainsInstruction - 0.01287 (ms)
Pass: InstructionDurationCheck - 0.00739 (ms)
Total Transpile Time - 37.68134 (ms)

TEST 2 — Circuito QNIM transpilado:
  Profundidad: 188
  Puertas 2Q:  0
  Fidelidad estimada: 1.0000  (con eps_2Q=0.0038)
base_primitive._run:INFO:2026-06-29 13:27:30,662: Submitting job using options {'options': {}, 'version': 2, 'support_qiskit': True}
runtime.program_run:INFO:2026-06-29 13:27:47,239: Posting the API request.
runtime.program_run:INFO:2026-06-29 13:27:47,737: Payload size: 0 MB.
  Job TEST 2 (QNIM completo): d915dcvccmks73d4f2o0
  P(0) por qubit: [0.573 0.593 0.489 0.439 0.568 0.517 0.606 0.566 0.509 0.525
 0.484 0.528]
  P(0) media: 0.533 ± 0.047
  (ideal: valores entre 0 y 1 segun el estado; con ruido total: ~0.5)

============================================================
  DIAGNÓSTICO DE RUIDO IBM FEZ (Open Plan)
============================================================
  Circuito trivial |0>:
    P(todos_0) = 0.907  (ideal = 1.000)
    Pérdida por ruido SPAM = 0.093

  Circuito QNIM (0 puertas 2Q, profundidad 188):
    P(0) media = 0.533 ± 0.047
    (si ≈0.5: información completamente destruida por ruido)

  Conclusión:
    ⚠️  RUIDO DOMINANTE: las marginales del QNIM son indistinguibles del azar (0.5).
    El circuito es suficientemente poco profundo.
    .
============================================================

