qiskit_runtime_service._discover_account:WARNING:2026-06-29 11:33:16,987: Loading account with the given token. A saved account will not be used.
qiskit_runtime_service.__init__:WARNING:2026-06-29 11:33:43,712: Instance was not set at service instantiation. Free and trial plan instances will be prioritized. Based on the following filters: (tags: None, region: us-east, eu-de), and available plans: (open), the available account instances are: open-instance. If you need a specific instance set it explicitly either by using a saved account with a saved default instance or passing it in directly to QiskitRuntimeService().
qiskit_runtime_service.backends:WARNING:2026-06-29 11:33:43,712: Using instance: open-instance, plan: open
  Generando clase 0: GR
  Generando clase 1: standard-siren
  Generando clase 2: qnm-21
  Generando clase 3: qnm-33
  Generando clase 4: pn-deformation
  Generando clase 5: extra-dimensions
  Generando clase 6: scalar-tensor
  Generando clase 7: graviton-mass
  Generando clase 8: chern-simons
  Generando clase 9: liv-alpha2
  Generando clase 10: liv-alpha4
  Generando clase 11: loop-quantum-gravity
  Generando clase 12: gup
  ✅ Dataset generado: 1040 train / 260 val
     Features: 12 (primeras componentes FFT)
     Clases: 13 (truncado para prueba rapida)
     SNR: 19.0 ± 6.3
Capa de lectura (MLP) inicializada con warm-start clásico (backprop manual sobre marginales medidas con el ansatz inicial) -- ver FIX v6/v8.
Iniciando QNSPSA-EML-Feynman: mode=sim, n_params=893, maxiter=60, batch_size=64, patience=20, ansatz_reps=2, lr=0.01, readout_refit_every=10, readout_hidden_size=32, noise_aware=no
  iter=  1  loss=0.7739
  iter=  2  loss=0.1408
  iter=  3  loss=0.2925
  iter=  4  loss=0.8540
  iter=  5  loss=0.9502
  iter=  6  loss=0.7128
  iter=  7  loss=0.3309
  iter=  8  loss=1.0662
  iter=  9  loss=0.7009
  iter= 10  loss=0.5804
  iter= 10  capa de lectura (MLP) reajustada clásicamente (cada 10 iteraciones)
  iter= 11  loss=0.2483
  iter= 12  loss=0.4638
  iter= 13  loss=0.4474
  iter= 14  loss=0.3773
  iter= 15  loss=0.7088
  iter= 16  loss=0.4468
  iter= 17  loss=0.6060
  iter= 18  loss=0.3205
  iter= 19  loss=0.3547
  iter= 20  loss=0.5154
  iter= 20  capa de lectura (MLP) reajustada clásicamente (cada 10 iteraciones)
  iter= 21  loss=0.3014
  iter= 22  loss=0.1466
  iter= 23  loss=0.3693
  iter= 24  loss=0.7106
Early stopping en iter 24: sin mejora > 0.0005 en 20 iteraciones
QNSPSA-EML-Feynman: 24 iters, 961 evals, loss=0.2103, speedup_vs_spsa=12.5×, converged=True
Entrenamiento completado: loss=0.2103 (ln(n_classes)=2.5649), acc_heuristica=0.985, speedup=12.5×, tiempo=3519.6s
Accuracy REAL medida en validación (simulador ideal, capa de lectura MLP entrenada): 0.927 (sustituye a la heurística del loss)
Sim accuracy: 0.927
Pass: ContainsInstruction - 0.01907 (ms)
Pass: UnitarySynthesis - 0.25105 (ms)
Pass: HighLevelSynthesis - 1.12963 (ms)
Pass: BasisTranslator - 0.48733 (ms)
Pass: InverseCancellation - 0.15497 (ms)
Pass: ContractIdleWiresInControlFlow - 0.00739 (ms)
Pass: SetLayout - 0.00620 (ms)
Pass: TrivialLayout - 0.09775 (ms)
Pass: CheckMap - 0.26965 (ms)
Pass: VF2Layout - 2.04635 (ms)
Pass: FullAncillaAllocation - 0.48852 (ms)
Pass: EnlargeWithAncilla - 0.42009 (ms)
Pass: ApplyLayout - 1.74570 (ms)
Pass: CheckMap - 0.20337 (ms)
Pass: FilterOpNodes - 0.12779 (ms)
Pass: UnitarySynthesis - 0.01645 (ms)
Pass: HighLevelSynthesis - 0.04792 (ms)
Pass: BasisTranslator - 3.81351 (ms)
Pass: Size - 0.01383 (ms)
Pass: Depth - 0.70071 (ms)
Pass: FixedPoint - 0.01526 (ms)
Pass: FixedPoint - 0.00381 (ms)
Pass: Optimize1qGatesDecomposition - 0.75293 (ms)
Pass: InverseCancellation - 0.09751 (ms)
Pass: ContractIdleWiresInControlFlow - 0.00477 (ms)
Pass: GatesInBasis - 0.43845 (ms)
Pass: Size - 0.00739 (ms)
Pass: Depth - 0.10395 (ms)
Pass: FixedPoint - 0.01240 (ms)
Pass: FixedPoint - 0.00548 (ms)
Pass: Optimize1qGatesDecomposition - 0.30923 (ms)
Pass: InverseCancellation - 0.08583 (ms)
Pass: ContractIdleWiresInControlFlow - 0.00334 (ms)
Pass: GatesInBasis - 0.06652 (ms)
Pass: Size - 0.00358 (ms)
Pass: Depth - 0.09036 (ms)
Pass: FixedPoint - 0.00906 (ms)
Pass: FixedPoint - 0.00477 (ms)
Pass: ContainsInstruction - 0.01407 (ms)
Pass: InstructionDurationCheck - 0.02146 (ms)
Total Transpile Time - 3432.38258 (ms)
base_primitive._run:INFO:2026-06-29 12:33:58,252: Submitting job using options {'options': {}, 'version': 2, 'support_qiskit': True}
runtime.program_run:INFO:2026-06-29 12:34:00,088: Posting the API request.
runtime.program_run:INFO:2026-06-29 12:34:00,954: Payload size: 0 MB.
Job refit en hardware: d914k6357qjs73b5kmn0
Reajustando MLP readout sobre marginales de hardware...
base_primitive._run:INFO:2026-06-29 12:34:42,281: Submitting job using options {'options': {}, 'version': 2, 'support_qiskit': True}
runtime.program_run:INFO:2026-06-29 12:34:43,402: Posting the API request.
runtime.program_run:INFO:2026-06-29 12:34:43,904: Payload size: 0 MB.
Job validacion en hardware: d914kh7ccmks73d4e4sg
Accuracy hardware con MLP reajustado en hardware: 0.150
Predicciones: [np.int64(5), np.int64(5), np.int64(5), np.int64(5), np.int64(5), np.int64(5), np.int64(5), np.int64(5), np.int64(5), np.int64(5), np.int64(5), np.int64(5), np.int64(5), np.int64(5), np.int64(5), np.int64(5), np.int64(5), np.int64(5), np.int64(5), np.int64(5)]
Verdadero:    [np.int64(9), np.int64(9), np.int64(12), np.int64(5), np.int64(5), np.int64(1), np.int64(11), np.int64(9), np.int64(10), np.int64(4), np.int64(3), np.int64(3), np.int64(5), np.int64(8), np.int64(9), np.int64(6), np.int64(12), np.int64(12), np.int64(11), np.int64(1)]
