  Generando clase 0: GR
  Generando clase 1: standard-siren
  Generando clase 2: qnm-21
  Generando clase 3: qnm-33
  Generando clase 4: pn-deformation
  Generando clase 5: extra-dimensions
  Generando clase 6: scalar-tensor
  Generando clase 7: graviton-mass
  Generando clase 8: chern-simons
  Generando clase 9: liv-alpha2
  Generando clase 10: liv-alpha4
  Generando clase 11: loop-quantum-gravity
  Generando clase 12: gup
  ✅ Dataset generado: 1040 train / 260 val
     Features: 12 (primeras componentes FFT)
     Clases: 13 (truncado para prueba rapida)
     SNR: 19.0 ± 6.3
max_iterations=3 es muy bajo: el VQC apenas saldrá de su inicialización aleatoria.
qiskit_runtime_service._discover_account:WARNING:2026-06-29 08:02:04,885: Loading account with the given token. A saved account will not be used.
qiskit_runtime_service.__init__:WARNING:2026-06-29 08:02:33,808: Instance was not set at service instantiation. Free and trial plan instances will be prioritized. Based on the following filters: (tags: None, region: us-east, eu-de), and available plans: (open), the available account instances are: open-instance. If you need a specific instance set it explicitly either by using a saved account with a saved default instance or passing it in directly to QiskitRuntimeService().
qiskit_runtime_service.backends:WARNING:2026-06-29 08:02:33,808: Using instance: open-instance, plan: open
IBM conectado para validación final: backend=ibm_fez, qubits=156
Capa de lectura (MLP) inicializada con warm-start clásico (backprop manual sobre marginales medidas con el ansatz inicial) -- ver FIX v6/v8.
Iniciando QNSPSA-EML-Feynman: mode=ibm, n_params=893, maxiter=3, batch_size=64, patience=20, ansatz_reps=2, lr=0.01, readout_refit_every=10, readout_hidden_size=32, noise_aware=no
  iter=  1  loss=0.8343
  iter=  2  loss=0.1207
  iter=  3  loss=0.3638
QNSPSA-EML-Feynman: 3 iters, 121 evals, loss=0.2264, speedup_vs_spsa=50.0×, converged=False
Entrenamiento completado: loss=0.2264 (ln(n_classes)=2.5649), acc_heuristica=0.984, speedup=50.0×, tiempo=511.2s
Accuracy REAL medida en validación (simulador ideal, capa de lectura MLP entrenada): 0.927 (sustituye a la heurística del loss)
qiskit_runtime_service._discover_account:WARNING:2026-06-29 08:10:50,155: Loading account with the given token. A saved account will not be used.
qiskit_runtime_service.__init__:WARNING:2026-06-29 08:10:53,030: Instance was not set at service instantiation. Free and trial plan instances will be prioritized. Based on the following filters: (tags: None, region: us-east, eu-de), and available plans: (open), the available account instances are: open-instance. If you need a specific instance set it explicitly either by using a saved account with a saved default instance or passing it in directly to QiskitRuntimeService().
qiskit_runtime_service.backends:WARNING:2026-06-29 08:10:53,030: Using instance: open-instance, plan: open
Conectado a ibm_fez
Pass: ContainsInstruction - 0.04554 (ms)
Pass: UnitarySynthesis - 0.01025 (ms)
Pass: HighLevelSynthesis - 1.02568 (ms)
Pass: BasisTranslator - 0.26870 (ms)
Pass: InverseCancellation - 0.51165 (ms)
Pass: ContractIdleWiresInControlFlow - 0.02241 (ms)
Pass: SetLayout - 0.00525 (ms)
Pass: TrivialLayout - 0.07200 (ms)
Pass: CheckMap - 0.41485 (ms)
Pass: VF2Layout - 1.84822 (ms)
Pass: FullAncillaAllocation - 1.15633 (ms)
Pass: EnlargeWithAncilla - 0.95296 (ms)
Pass: ApplyLayout - 1.40309 (ms)
Pass: CheckMap - 0.19836 (ms)
Pass: FilterOpNodes - 0.16952 (ms)
Pass: UnitarySynthesis - 0.01979 (ms)
Pass: HighLevelSynthesis - 0.04935 (ms)
Pass: BasisTranslator - 2.94328 (ms)
Pass: Size - 0.02980 (ms)
Pass: Depth - 0.24986 (ms)
Pass: FixedPoint - 0.01383 (ms)
Pass: FixedPoint - 0.00525 (ms)
Pass: Optimize1qGatesDecomposition - 0.65851 (ms)
Pass: InverseCancellation - 0.14305 (ms)
Pass: ContractIdleWiresInControlFlow - 0.01025 (ms)
Pass: GatesInBasis - 0.23031 (ms)
Pass: Size - 0.00882 (ms)
Pass: Depth - 0.13661 (ms)
Pass: FixedPoint - 0.01621 (ms)
Pass: FixedPoint - 0.00596 (ms)
Pass: Optimize1qGatesDecomposition - 0.48709 (ms)
Pass: InverseCancellation - 0.09108 (ms)
Pass: ContractIdleWiresInControlFlow - 0.00262 (ms)
Pass: GatesInBasis - 0.05031 (ms)
Pass: Size - 0.00429 (ms)
Pass: Depth - 0.07224 (ms)
Pass: FixedPoint - 0.01001 (ms)
Pass: FixedPoint - 0.00405 (ms)
Pass: ContainsInstruction - 0.03219 (ms)
Pass: InstructionDurationCheck - 0.05817 (ms)
Total Transpile Time - 2064.30197 (ms)
base_primitive._run:INFO:2026-06-29 08:10:55,950: Submitting job using options {'options': {}, 'version': 2, 'support_qiskit': True}
runtime.program_run:INFO:2026-06-29 08:10:57,274: Posting the API request.
runtime.program_run:INFO:2026-06-29 08:10:57,881: Payload size: 0 MB.
Job ID enviado a ibm_fez: d910osb57qjs73b5esgg (20 circuitos = 20 muestras × 1 escala(s) [1], 512 shots/circuito). Auditar en https://quantum.cloud.ibm.com/jobs/d910osb57qjs73b5esgg
IBM hardware (escala=1, sin mitigar): preds=[np.int64(12), np.int64(12), np.int64(12), np.int64(12), np.int64(12), np.int64(12), np.int64(12), np.int64(12), np.int64(12), np.int64(12), np.int64(12), np.int64(12), np.int64(12), np.int64(12), np.int64(12), np.int64(12), np.int64(12), np.int64(12), np.int64(12), np.int64(12)], y_true=[np.int64(4), np.int64(11), np.int64(12), np.int64(2), np.int64(11), np.int64(11), np.int64(3), np.int64(3), np.int64(2), np.int64(8), np.int64(4), np.int64(10), np.int64(7), np.int64(10), np.int64(5), np.int64(0), np.int64(10), np.int64(11), np.int64(2), np.int64(0)], acc=0.050
ZNE no solicitado (falta --use-zne): accuracy_real_zne se reporta igual a accuracy_real_no_zne.
acc_sim=0.927
acc_ibm=0.050
