nohup: ignoring input
PyCBC.libutils: pkg-config call failed, setting NO_PKGCONFIG=1
======================================================================
  QNIM Framework — Resultados Experimentales
======================================================================
  Modo:                   SIM
  Generador:              LIGOPCAAdapter (blanqueo O3 + PCA)
  Aproximante PyCBC:      IMRPhenomD
  Eventos train/clase:    500
  Eventos val/clase:      100
  max_iter:               150
  patience:               40
  learning_rate:          0.01
  ansatz_reps:            2
  readout_hidden_size:    32
  readout_refit_every:    10
  max_classes:            todas (13)
======================================================================
  Generando clase 0: GR
  Generando clase 1: standard-siren
  Generando clase 2: qnm-21
  Generando clase 3: qnm-33
  Generando clase 4: pn-deformation
  Generando clase 5: extra-dimensions
  Generando clase 6: scalar-tensor
  Generando clase 7: graviton-mass
  Generando clase 8: chern-simons
  Generando clase 9: liv-alpha2
  Generando clase 10: liv-alpha4
  Generando clase 11: loop-quantum-gravity
  Generando clase 12: gup
  ✅ Dataset generado: 6500 train / 1300 val
     Features: 12 PCA (blanqueado PSD O3)
     Varianza explicada (PC1-12): 99.8%
     Clases: 13

======================================================================
  RESULTADOS
======================================================================
  Accuracy simulador (val):  0.152
  Loss final:                2.6935
  Épocas entrenadas:         41
  Tiempo total:              3553.0 s
======================================================================
