nohup: ignoring input
Cargando dataset desde data/dataset_full...
  X_train: (54600, 12)  n_classes: 13
  X_val:   (7800, 12)
  Rango features: [-1.000, 1.000]

  Baselines clásicos:
  LogReg val:  0.165
  RF     val:  0.461
  Azar:        0.077

============================================================
  Entrenando VQC (SIM)
============================================================

============================================================
  RESULTADOS
============================================================
  VQC accuracy (val):  0.120
  RF  accuracy (val):  0.461
  Loss final:          3.0681  (ln(13)=2.5649)
  Épocas:              48
  Tiempo:              9.54h
============================================================
