nohup: ignoring input
Cargando dataset desde data/dataset_full...
  X_train: (54600, 12)  n_classes: 13
  X_val:   (7800, 12)
  Rango features: [-1.000, 1.000]

  Baselines clásicos:
  LogReg val:  0.165
  RF     val:  0.461
  Azar:        0.077

============================================================
  Entrenando VQC (SIM)
============================================================

============================================================
  RESULTADOS
============================================================
  VQC accuracy (val):  0.134
  RF  accuracy (val):  0.461
  Loss final:          4.6411  (ln(13)=2.5649)
  Épocas:              92
  Tiempo:              2.73h
============================================================
